params:
  adminAccessLogPath: /dev/null
  adminAddress: 127.0.0.1
  adminPort: 9901
  xdsConnectTimeout: 1s
  xdsHost: ""
  xdsHostDnsLookupFamily: AUTO
  xdsPort: 0
